07-13 10:09:31.293  2042  3323 W ActivityManager: Invalid packageName: com.android.todolist
07-13 10:09:32.384  4498  4498 E studio.deploy: Could not get package user id: /system/bin/run-as: unknown package: com.android.todolist
07-13 10:09:32.525  4498  4498 E studio.deploy: Could not find apks for this package: com.android.todolist
07-13 10:09:34.297  2042  2085 V BackupManagerService: restoreAtInstall pkg=com.android.todolist token=1 restoreSet=0
07-13 10:09:34.636  2042  2059 I ActivityManager: Force stopping com.android.todolist appid=10134 user=0: from pid 4699
07-13 10:09:34.808  2042  2917 I ActivityTaskManager: START u0 {act=android.intent.action.MAIN cat=[android.intent.category.LAUNCHER] flg=0x10000000 cmp=com.android.todolist/.MainActivity} from uid 2000
07-13 10:09:34.966  2042  2072 I ActivityManager: Start proc 4716:com.android.todolist/u0a134 for activity {com.android.todolist/com.android.todolist.MainActivity}
07-13 10:09:35.648  2042  2065 W ActivityTaskManager: Activity top resumed state loss timeout for ActivityRecord{e7eb71a u0 com.android.todolist/.MainActivity t6}
07-13 10:09:35.649  2042  2065 W ActivityTaskManager: Activity pause timeout for ActivityRecord{e7eb71a u0 com.android.todolist/.MainActivity t6}
07-13 10:09:37.669  2042  2070 I ActivityTaskManager: Displayed com.android.todolist/.MainActivity: +2s834ms
07-13 10:09:47.265  2042  2967 W BroadcastQueue: Background execution not allowed: receiving Intent { act=android.intent.action.PACKAGE_ADDED dat=package:com.android.todolist flg=0x4000010 (has extras) } to com.google.android.packageinstaller/com.android.packageinstaller.PackageInstalledReceiver
07-13 10:09:47.268  2042  2071 W BroadcastQueue: Background execution not allowed: receiving Intent { act=android.intent.action.PACKAGE_ADDED dat=package:com.android.todolist flg=0x4000010 (has extras) } to com.android.musicfx/.Compatibility$Receiver
07-13 10:09:47.268  2042  2071 W BroadcastQueue: Background execution not allowed: receiving Intent { act=android.intent.action.PACKAGE_ADDED dat=package:com.android.todolist flg=0x4000010 (has extras) } to com.android.vending/com.google.android.finsky.packagemanager.impl.PackageMonitorReceiverImpl$RegisteredReceiver
07-13 10:09:47.268  2042  2071 W BroadcastQueue: Background execution not allowed: receiving Intent { act=android.intent.action.PACKAGE_ADDED dat=package:com.android.todolist flg=0x4000010 (has extras) } to com.google.android.apps.enterprise.dmagent/.AppUpdateReceiver
07-13 10:09:47.268  2042  2071 W BroadcastQueue: Background execution not allowed: receiving Intent { act=android.intent.action.PACKAGE_ADDED dat=package:com.android.todolist flg=0x4000010 (has extras) } to com.google.android.gms/.games.chimera.GamesSystemBroadcastReceiverProxy
07-13 10:09:47.268  2042  2071 W BroadcastQueue: Background execution not allowed: receiving Intent { act=android.intent.action.PACKAGE_ADDED dat=package:com.android.todolist flg=0x4000010 (has extras) } to com.google.android.gms/.gass.chimera.PackageChangeBroadcastReceiver
07-13 10:09:47.269  2042  2071 W BroadcastQueue: Background execution not allowed: receiving Intent { act=android.intent.action.PACKAGE_ADDED dat=package:com.android.todolist flg=0x4000010 (has extras) } to com.google.android.gms/.chimera.GmsIntentOperationService$PersistentTrustedReceiver
07-13 10:09:47.269  2042  2071 W BroadcastQueue: Background execution not allowed: receiving Intent { act=android.intent.action.PACKAGE_ADDED dat=package:com.android.todolist flg=0x4000010 (has extras) } to com.google.android.googlequicksearchbox/com.google.android.apps.gsa.googlequicksearchbox.GelStubAppWatcher
07-13 10:09:47.270  2042  2071 W BroadcastQueue: Background execution not allowed: receiving Intent { act=android.intent.action.PACKAGE_ADDED dat=package:com.android.todolist flg=0x4000010 (has extras) } to com.google.android.ims/.receivers.RcsAutoStartReceiver
07-13 10:10:01.703  2042  5538 I PackageManager.DexOptimizer: Running dexopt (dexoptNeeded=1) on: /data/app/com.android.todolist-gJXTy_vol1JLSP1MHW1hWw==/base.apk pkg=com.android.todolist isa=x86 dexoptFlags=boot_complete,debuggable,public,enable_hidden_api_checks targetFilter=verify oatDir=/data/app/com.android.todolist-gJXTy_vol1JLSP1MHW1hWw==/oat classLoaderContext=PCL[]
07-13 10:10:01.716  1860  2102 V installd: DexInv: --- BEGIN '/data/app/com.android.todolist-gJXTy_vol1JLSP1MHW1hWw==/base.apk' ---
07-13 10:10:01.967  5574  5574 W dex2oat : /apex/com.android.runtime/bin/dex2oat --zip-fd=8 --zip-location=base.apk --input-vdex-fd=-1 --output-vdex-fd=10 --oat-fd=9 --oat-location=/data/app/com.android.todolist-gJXTy_vol1JLSP1MHW1hWw==/oat/x86/base.odex --instruction-set=x86 --instruction-set-variant=x86 --instruction-set-features=default --runtime-arg -Xbootclasspath:/apex/com.android.runtime/javalib/core-oj.jar:/apex/com.android.runtime/javalib/core-libart.jar:/apex/com.android.runtime/javalib/okhttp.jar:/apex/com.android.runtime/javalib/bouncycastle.jar:/apex/com.android.runtime/javalib/apache-xml.jar:/system/framework/framework.jar:/system/framework/ext.jar:/system/framework/telephony-common.jar:/system/framework/voip-common.jar:/system/framework/ims-common.jar:/system/framework/android.test.base.jar --runtime-arg -Xms64m --runtime-arg -Xmx512m --resolve-startup-const-strings=true --max-image-block-size=524288 --compiler-filter=verify --swap-fd=11 --debuggable --classpath-dir=/data/app/com.android.todolist-gJXTy_vol1JLSP1MHW1hWw== --class-loader
07-13 10:10:01.968  5574  5574 I dex2oat : /apex/com.android.runtime/bin/dex2oat --input-vdex-fd=-1 --output-vdex-fd=10 --resolve-startup-const-strings=true --max-image-block-size=524288 --compiler-filter=verify --debuggable --classpath-dir=/data/app/com.android.todolist-gJXTy_vol1JLSP1MHW1hWw== --class-loader-context=PCL[] --generate-mini-debug-info --compact-dex-level=none --compilation-reason=boot
07-13 10:10:08.127  1860  2102 V installd: DexInv: --- END '/data/app/com.android.todolist-gJXTy_vol1JLSP1MHW1hWw==/base.apk' (success) ---
07-13 10:10:10.453  2042  5538 I BackgroundDexOptService: Pinning optimized code {com.android.todolist}
07-13 10:34:17.180  8306  8306 I AndroidIME: LatinIme.onActivate() : EditorInfo = Package = com.android.todolist : Type = Text : Learning = Disable : Suggestion = Show : AutoCorrection = Disable : Microphone = Show : NoPersonalizedLearning = Disable
07-13 10:34:17.595  8306  8306 I Conv2QueryExtension: Conv2Query not enabled due to current app [com.android.todolist] not in whitelist
07-13 10:34:31.320  2042  3614 E InputDispatcher: Window handle Window{a4c18 u0 com.android.todolist/com.android.todolist.MainActivity} has no registered input channel
07-13 10:34:33.916  4716  4765 I chatty  : uid=10134(com.android.todolist) RenderThread identical 2 lines
07-13 10:34:35.689  2042  3614 E InputDispatcher: Window handle Window{3390b5 u0 com.android.todolist/com.android.todolist.MainActivity} has no registered input channel
07-13 10:34:35.706  2042  3614 E InputDispatcher: Window handle Window{3390b5 u0 com.android.todolist/com.android.todolist.MainActivity} has no registered input channel
07-13 10:34:36.886  2042  3614 I ActivityTaskManager: START u0 {cmp=com.android.todolist/.ListActivity (has extras)} from uid 10134
07-13 10:34:37.696  2042  3614 W NotificationService: Toast already killed. pkg=com.android.todolist callback=android.app.ITransientNotification$Stub$Proxy@1762014
07-13 10:34:39.713  2042  3203 W NotificationService: Toast already killed. pkg=com.android.todolist callback=android.app.ITransientNotification$Stub$Proxy@f06456a
07-13 11:54:15.101  2042  2060 I ActivityTaskManager: START u0 {act=android.intent.action.MAIN cat=[android.intent.category.LAUNCHER] flg=0x10200000 cmp=com.android.todolist/.MainActivity bnds=[640,1176][841,1480]} from uid 10090
07-13 11:54:15.623  1826  1826 E Layer   : [Surface(name=AppWindowToken{cfb8d95 token=Token{d5b494c ActivityRecord{db0557f u0 com.android.todolist/.ListActivity t6}}})/@0x931434e - animation-leash#0] No local sync point found
07-13 11:54:15.623  1826  1826 E Layer   : [Surface(name=AppWindowToken{cfb8d95 token=Token{d5b494c ActivityRecord{db0557f u0 com.android.todolist/.ListActivity t6}}})/@0x931434e - animation-leash#0] No local sync point found
07-13 11:54:15.642  1826  1826 E Layer   : [Surface(name=AppWindowToken{cfb8d95 token=Token{d5b494c ActivityRecord{db0557f u0 com.android.todolist/.ListActivity t6}}})/@0x931434e - animation-leash#0] No local sync point found
07-13 11:54:18.863  2042  5304 I ActivityTaskManager: START u0 {cmp=com.android.todolist/.MainActivity} from uid 10134
07-13 12:13:01.101  2042  2918 I ActivityTaskManager: START u0 {act=android.intent.action.MAIN cat=[android.intent.category.LAUNCHER] flg=0x10200000 cmp=com.android.todolist/.MainActivity bnds=[640,1176][841,1480]} from uid 10090
07-13 12:13:01.622  1826  1826 E Layer   : [Surface(name=AppWindowToken{52842f token=Token{453f20e ActivityRecord{e70009 u0 com.android.todolist/.MainActivity t6}}})/@0x3024d4 - animation-leash#0] No local sync point found
07-13 12:13:01.622  1826  1826 E Layer   : [Surface(name=AppWindowToken{52842f token=Token{453f20e ActivityRecord{e70009 u0 com.android.todolist/.MainActivity t6}}})/@0x3024d4 - animation-leash#0] No local sync point found
07-13 12:13:01.639  1826  1826 E Layer   : [Surface(name=AppWindowToken{52842f token=Token{453f20e ActivityRecord{e70009 u0 com.android.todolist/.MainActivity t6}}})/@0x3024d4 - animation-leash#0] No local sync point found
07-13 12:13:05.936  4716  4765 I chatty  : uid=10134(com.android.todolist) RenderThread identical 2 lines
07-13 12:13:07.632  8306  8306 I AndroidIME: LatinIme.onActivate() : EditorInfo = Package = com.android.todolist : Type = Text : Learning = Disable : Suggestion = Show : AutoCorrection = Disable : Microphone = Show : NoPersonalizedLearning = Disable
07-13 12:13:07.679  8306  8306 I Conv2QueryExtension: Conv2Query not enabled due to current app [com.android.todolist] not in whitelist
07-13 12:13:09.561  4716  4765 I chatty  : uid=10134(com.android.todolist) RenderThread identical 1 line
07-13 12:13:12.561  2042  2266 E InputDispatcher: Window handle Window{dd46917 u0 com.android.todolist/com.android.todolist.MainActivity} has no registered input channel
07-13 12:13:12.582  2042  3203 E InputDispatcher: Window handle Window{dd46917 u0 com.android.todolist/com.android.todolist.MainActivity} has no registered input channel
07-13 12:13:15.577  2042  3891 I ActivityTaskManager: START u0 {cmp=com.android.todolist/.ListActivity (has extras)} from uid 10134
07-13 12:13:17.597  2042  3891 W NotificationService: Toast already killed. pkg=com.android.todolist callback=android.app.ITransientNotification$Stub$Proxy@93a6069
07-13 12:13:22.982  8306  8306 I AndroidIME: LatinIme.onActivate() : EditorInfo = Package = com.android.todolist : Type = Text : Learning = Disable : Suggestion = Show : AutoCorrection = Disable : Microphone = Show : NoPersonalizedLearning = Disable
07-13 12:13:23.007  8306  8306 I Conv2QueryExtension: Conv2Query not enabled due to current app [com.android.todolist] not in whitelist
07-13 12:13:27.757  8306  8306 I AndroidIME: PasswordIme.onActivate() : EditorInfo = Package = com.android.todolist : Type = Text : Learning = Disable : Suggestion = Show : AutoCorrection = Disable : Microphone = Show : NoPersonalizedLearning = Disable
07-13 12:13:27.759  8306  8306 I Conv2QueryExtension: Conv2Query not enabled due to current app [com.android.todolist] not in whitelist
07-13 12:13:30.392  2042  5304 I ActivityTaskManager: START u0 {cmp=com.android.todolist/.MainActivity} from uid 10134
07-13 12:14:58.505  2042  5304 I ActivityTaskManager: START u0 {cmp=com.android.todolist/.ListActivity (has extras)} from uid 10134
07-13 12:15:00.529  2042  3615 W NotificationService: Toast already killed. pkg=com.android.todolist callback=android.app.ITransientNotification$Stub$Proxy@7cbd6a4
07-13 12:15:02.125  2042  3615 I ActivityTaskManager: START u0 {cmp=com.android.todolist/.MainActivity} from uid 10134
07-13 12:15:02.469  4716  4765 I chatty  : uid=10134(com.android.todolist) RenderThread identical 3 lines
